// Jest Snapshot v1, https://goo.gl/fbAQLP

exports[`Storyshots atoms/Dot Initial 1`] = `
.c0 {
  width: 12px;
  height: 12px;
  border-radius: 100%;
  background: #FE46A5;
}

<div
  className="c0"
  color="#FE46A5"
  size={12}
/>
`;

exports[`Storyshots atoms/Input Default 1`] = `
.c0 {
  font-size: large;
  padding: 0.25rem 0.5rem;
  border: 2px solid #fcb6da;
}

.c0:focus {
  outline: 2px solid #FE46A5;
  outline-offset: -2px;
}

<input
  className="c0"
  onChange={[Function]}
  value=""
/>
`;

exports[`Storyshots atoms/Input With Text 1`] = `
.c0 {
  font-size: large;
  padding: 0.25rem 0.5rem;
  border: 2px solid #fcb6da;
}

.c0:focus {
  outline: 2px solid #FE46A5;
  outline-offset: -2px;
}

<input
  autoFocus={true}
  className="c0"
  onChange={[Function]}
  value="all-cats"
/>
`;

exports[`Storyshots atoms/RoundedSquare Initial 1`] = `
.c0 {
  height: 64px;
  width: 64px;
  border: 2px solid;
  background: white;
}

<div
  className="c0"
  onClick={[Function]}
  size={64}
/>
`;

exports[`Storyshots molecules/Dice No Numbers 1`] = `
.c1 {
  height: 64px;
  width: 64px;
  border: 3px #FE46A5 solid;
  background: white;
}

.c3 {
  width: 12px;
  height: 12px;
  border-radius: 100%;
  background: #FE46A5;
  position: absolute;
  left: 50%;
  top: 50%;
  -webkit-transform: translate(-50%,-50%);
  -ms-transform: translate(-50%,-50%);
  transform: translate(-50%,-50%);
  display: none;
}

.c2 {
  width: 100%;
  height: 100%;
  position: relative;
}

.c0 {
  display: -webkit-box;
  display: -webkit-flex;
  display: -ms-flexbox;
  display: flex;
}

<div
  className="c0"
>
  <div
    className="c1"
    color="#FE46A5"
    onClick={[Function]}
    size={64}
  >
    <div
      className="c2"
    >
      <div
        className="sc-AxirZ c3"
        color="#FE46A5"
        display="none"
        size={12}
      />
      <div
        className="sc-AxirZ c3"
        color="#FE46A5"
        display="none"
        size={12}
      />
      <div
        className="sc-AxirZ c3"
        color="#FE46A5"
        display="none"
        size={12}
      />
      <div
        className="sc-AxirZ c3"
        color="#FE46A5"
        display="none"
        size={12}
      />
      <div
        className="sc-AxirZ c3"
        color="#FE46A5"
        display="none"
        size={12}
      />
      <div
        className="sc-AxirZ c3"
        color="#FE46A5"
        display="none"
        size={12}
      />
    </div>
  </div>
  <div
    className="c1"
    color="#FE46A5"
    onClick={[Function]}
    size={64}
    style={
      Object {
        "marginLeft": "8px",
      }
    }
  >
    <div
      className="c2"
    >
      <div
        className="sc-AxirZ c3"
        color="#FE46A5"
        display="none"
        size={12}
      />
      <div
        className="sc-AxirZ c3"
        color="#FE46A5"
        display="none"
        size={12}
      />
      <div
        className="sc-AxirZ c3"
        color="#FE46A5"
        display="none"
        size={12}
      />
      <div
        className="sc-AxirZ c3"
        color="#FE46A5"
        display="none"
        size={12}
      />
      <div
        className="sc-AxirZ c3"
        color="#FE46A5"
        display="none"
        size={12}
      />
      <div
        className="sc-AxirZ c3"
        color="#FE46A5"
        display="none"
        size={12}
      />
    </div>
  </div>
</div>
`;

exports[`Storyshots molecules/Dice Numbers 1`] = `
.c1 {
  height: 64px;
  width: 64px;
  border: 3px #FE46A5 solid;
  background: white;
}

.c3 {
  width: 12px;
  height: 12px;
  border-radius: 100%;
  background: #FE46A5;
  position: absolute;
  left: 50%;
  top: 50%;
  -webkit-transform: translate(-50%,-50%);
  -ms-transform: translate(-50%,-50%);
  transform: translate(-50%,-50%);
}

.c4 {
  width: 12px;
  height: 12px;
  border-radius: 100%;
  background: #FE46A5;
  position: absolute;
  left: 50%;
  top: 50%;
  -webkit-transform: translate(-50%,-50%);
  -ms-transform: translate(-50%,-50%);
  transform: translate(-50%,-50%);
  display: none;
}

.c5 {
  width: 12px;
  height: 12px;
  border-radius: 100%;
  background: #FE46A5;
  position: absolute;
  left: 25%;
  top: 75%;
  -webkit-transform: translate(-50%,-50%);
  -ms-transform: translate(-50%,-50%);
  transform: translate(-50%,-50%);
}

.c6 {
  width: 12px;
  height: 12px;
  border-radius: 100%;
  background: #FE46A5;
  position: absolute;
  left: 75%;
  top: 25%;
  -webkit-transform: translate(-50%,-50%);
  -ms-transform: translate(-50%,-50%);
  transform: translate(-50%,-50%);
}

.c7 {
  width: 12px;
  height: 12px;
  border-radius: 100%;
  background: #FE46A5;
  position: absolute;
  left: 25%;
  top: 25%;
  -webkit-transform: translate(-50%,-50%);
  -ms-transform: translate(-50%,-50%);
  transform: translate(-50%,-50%);
}

.c8 {
  width: 12px;
  height: 12px;
  border-radius: 100%;
  background: #FE46A5;
  position: absolute;
  left: 75%;
  top: 75%;
  -webkit-transform: translate(-50%,-50%);
  -ms-transform: translate(-50%,-50%);
  transform: translate(-50%,-50%);
}

.c9 {
  width: 12px;
  height: 12px;
  border-radius: 100%;
  background: #FE46A5;
  position: absolute;
  left: 25%;
  top: 50%;
  -webkit-transform: translate(-50%,-50%);
  -ms-transform: translate(-50%,-50%);
  transform: translate(-50%,-50%);
}

.c10 {
  width: 12px;
  height: 12px;
  border-radius: 100%;
  background: #FE46A5;
  position: absolute;
  left: 75%;
  top: 50%;
  -webkit-transform: translate(-50%,-50%);
  -ms-transform: translate(-50%,-50%);
  transform: translate(-50%,-50%);
}

.c2 {
  width: 100%;
  height: 100%;
  position: relative;
}

.c0 {
  display: -webkit-box;
  display: -webkit-flex;
  display: -ms-flexbox;
  display: flex;
}

<div
  className="c0"
>
  <div
    className="c1"
    color="#FE46A5"
    onClick={[Function]}
    size={64}
  >
    <div
      className="c2"
    >
      <div
        className="sc-AxirZ c3"
        color="#FE46A5"
        size={12}
      />
      <div
        className="sc-AxirZ c3"
        color="#FE46A5"
        size={12}
      />
      <div
        className="sc-AxirZ c4"
        color="#FE46A5"
        display="none"
        size={12}
      />
      <div
        className="sc-AxirZ c4"
        color="#FE46A5"
        display="none"
        size={12}
      />
      <div
        className="sc-AxirZ c4"
        color="#FE46A5"
        display="none"
        size={12}
      />
      <div
        className="sc-AxirZ c4"
        color="#FE46A5"
        display="none"
        size={12}
      />
    </div>
  </div>
  <div
    className="c1"
    color="#FE46A5"
    onClick={[Function]}
    size={64}
    style={
      Object {
        "marginLeft": "8px",
      }
    }
  >
    <div
      className="c2"
    >
      <div
        className="sc-AxirZ c5"
        color="#FE46A5"
        size={12}
      />
      <div
        className="sc-AxirZ c6"
        color="#FE46A5"
        size={12}
      />
      <div
        className="sc-AxirZ c4"
        color="#FE46A5"
        display="none"
        size={12}
      />
      <div
        className="sc-AxirZ c4"
        color="#FE46A5"
        display="none"
        size={12}
      />
      <div
        className="sc-AxirZ c4"
        color="#FE46A5"
        display="none"
        size={12}
      />
      <div
        className="sc-AxirZ c4"
        color="#FE46A5"
        display="none"
        size={12}
      />
    </div>
  </div>
  <div
    className="c1"
    color="#FE46A5"
    onClick={[Function]}
    size={64}
    style={
      Object {
        "marginLeft": "8px",
      }
    }
  >
    <div
      className="c2"
    >
      <div
        className="sc-AxirZ c5"
        color="#FE46A5"
        size={12}
      />
      <div
        className="sc-AxirZ c6"
        color="#FE46A5"
        size={12}
      />
      <div
        className="sc-AxirZ c3"
        color="#FE46A5"
        size={12}
      />
      <div
        className="sc-AxirZ c3"
        color="#FE46A5"
        size={12}
      />
      <div
        className="sc-AxirZ c4"
        color="#FE46A5"
        display="none"
        size={12}
      />
      <div
        className="sc-AxirZ c4"
        color="#FE46A5"
        display="none"
        size={12}
      />
    </div>
  </div>
  <div
    className="c1"
    color="#FE46A5"
    onClick={[Function]}
    size={64}
    style={
      Object {
        "marginLeft": "8px",
      }
    }
  >
    <div
      className="c2"
    >
      <div
        className="sc-AxirZ c5"
        color="#FE46A5"
        size={12}
      />
      <div
        className="sc-AxirZ c6"
        color="#FE46A5"
        size={12}
      />
      <div
        className="sc-AxirZ c7"
        color="#FE46A5"
        size={12}
      />
      <div
        className="sc-AxirZ c8"
        color="#FE46A5"
        size={12}
      />
      <div
        className="sc-AxirZ c4"
        color="#FE46A5"
        display="none"
        size={12}
      />
      <div
        className="sc-AxirZ c4"
        color="#FE46A5"
        display="none"
        size={12}
      />
    </div>
  </div>
  <div
    className="c1"
    color="#FE46A5"
    onClick={[Function]}
    size={64}
    style={
      Object {
        "marginLeft": "8px",
      }
    }
  >
    <div
      className="c2"
    >
      <div
        className="sc-AxirZ c5"
        color="#FE46A5"
        size={12}
      />
      <div
        className="sc-AxirZ c6"
        color="#FE46A5"
        size={12}
      />
      <div
        className="sc-AxirZ c7"
        color="#FE46A5"
        size={12}
      />
      <div
        className="sc-AxirZ c8"
        color="#FE46A5"
        size={12}
      />
      <div
        className="sc-AxirZ c3"
        color="#FE46A5"
        size={12}
      />
      <div
        className="sc-AxirZ c3"
        color="#FE46A5"
        size={12}
      />
    </div>
  </div>
  <div
    className="c1"
    color="#FE46A5"
    onClick={[Function]}
    size={64}
    style={
      Object {
        "marginLeft": "8px",
      }
    }
  >
    <div
      className="c2"
    >
      <div
        className="sc-AxirZ c5"
        color="#FE46A5"
        size={12}
      />
      <div
        className="sc-AxirZ c6"
        color="#FE46A5"
        size={12}
      />
      <div
        className="sc-AxirZ c7"
        color="#FE46A5"
        size={12}
      />
      <div
        className="sc-AxirZ c8"
        color="#FE46A5"
        size={12}
      />
      <div
        className="sc-AxirZ c9"
        color="#FE46A5"
        size={12}
      />
      <div
        className="sc-AxirZ c10"
        color="#FE46A5"
        size={12}
      />
    </div>
  </div>
</div>
`;

exports[`Storyshots molecules/Dice Selected 1`] = `
.c1 {
  height: 64px;
  width: 64px;
  border: 3px white solid;
  background: #FE46A5;
}

.c3 {
  width: 12px;
  height: 12px;
  border-radius: 100%;
  background: white;
  position: absolute;
  left: 50%;
  top: 50%;
  -webkit-transform: translate(-50%,-50%);
  -ms-transform: translate(-50%,-50%);
  transform: translate(-50%,-50%);
}

.c4 {
  width: 12px;
  height: 12px;
  border-radius: 100%;
  background: white;
  position: absolute;
  left: 50%;
  top: 50%;
  -webkit-transform: translate(-50%,-50%);
  -ms-transform: translate(-50%,-50%);
  transform: translate(-50%,-50%);
  display: none;
}

.c5 {
  width: 12px;
  height: 12px;
  border-radius: 100%;
  background: white;
  position: absolute;
  left: 25%;
  top: 75%;
  -webkit-transform: translate(-50%,-50%);
  -ms-transform: translate(-50%,-50%);
  transform: translate(-50%,-50%);
}

.c6 {
  width: 12px;
  height: 12px;
  border-radius: 100%;
  background: white;
  position: absolute;
  left: 75%;
  top: 25%;
  -webkit-transform: translate(-50%,-50%);
  -ms-transform: translate(-50%,-50%);
  transform: translate(-50%,-50%);
}

.c7 {
  width: 12px;
  height: 12px;
  border-radius: 100%;
  background: white;
  position: absolute;
  left: 25%;
  top: 25%;
  -webkit-transform: translate(-50%,-50%);
  -ms-transform: translate(-50%,-50%);
  transform: translate(-50%,-50%);
}

.c8 {
  width: 12px;
  height: 12px;
  border-radius: 100%;
  background: white;
  position: absolute;
  left: 75%;
  top: 75%;
  -webkit-transform: translate(-50%,-50%);
  -ms-transform: translate(-50%,-50%);
  transform: translate(-50%,-50%);
}

.c9 {
  width: 12px;
  height: 12px;
  border-radius: 100%;
  background: white;
  position: absolute;
  left: 25%;
  top: 50%;
  -webkit-transform: translate(-50%,-50%);
  -ms-transform: translate(-50%,-50%);
  transform: translate(-50%,-50%);
}

.c10 {
  width: 12px;
  height: 12px;
  border-radius: 100%;
  background: white;
  position: absolute;
  left: 75%;
  top: 50%;
  -webkit-transform: translate(-50%,-50%);
  -ms-transform: translate(-50%,-50%);
  transform: translate(-50%,-50%);
}

.c2 {
  width: 100%;
  height: 100%;
  position: relative;
}

.c0 {
  display: -webkit-box;
  display: -webkit-flex;
  display: -ms-flexbox;
  display: flex;
}

<div
  className="c0"
>
  <div
    className="c1"
    color="white"
    onClick={[Function]}
    size={64}
  >
    <div
      className="c2"
    >
      <div
        className="sc-AxirZ c3"
        color="white"
        size={12}
      />
      <div
        className="sc-AxirZ c3"
        color="white"
        size={12}
      />
      <div
        className="sc-AxirZ c4"
        color="white"
        display="none"
        size={12}
      />
      <div
        className="sc-AxirZ c4"
        color="white"
        display="none"
        size={12}
      />
      <div
        className="sc-AxirZ c4"
        color="white"
        display="none"
        size={12}
      />
      <div
        className="sc-AxirZ c4"
        color="white"
        display="none"
        size={12}
      />
    </div>
  </div>
  <div
    className="c1"
    color="white"
    onClick={[Function]}
    size={64}
    style={
      Object {
        "marginLeft": "8px",
      }
    }
  >
    <div
      className="c2"
    >
      <div
        className="sc-AxirZ c5"
        color="white"
        size={12}
      />
      <div
        className="sc-AxirZ c6"
        color="white"
        size={12}
      />
      <div
        className="sc-AxirZ c4"
        color="white"
        display="none"
        size={12}
      />
      <div
        className="sc-AxirZ c4"
        color="white"
        display="none"
        size={12}
      />
      <div
        className="sc-AxirZ c4"
        color="white"
        display="none"
        size={12}
      />
      <div
        className="sc-AxirZ c4"
        color="white"
        display="none"
        size={12}
      />
    </div>
  </div>
  <div
    className="c1"
    color="white"
    onClick={[Function]}
    size={64}
    style={
      Object {
        "marginLeft": "8px",
      }
    }
  >
    <div
      className="c2"
    >
      <div
        className="sc-AxirZ c5"
        color="white"
        size={12}
      />
      <div
        className="sc-AxirZ c6"
        color="white"
        size={12}
      />
      <div
        className="sc-AxirZ c3"
        color="white"
        size={12}
      />
      <div
        className="sc-AxirZ c3"
        color="white"
        size={12}
      />
      <div
        className="sc-AxirZ c4"
        color="white"
        display="none"
        size={12}
      />
      <div
        className="sc-AxirZ c4"
        color="white"
        display="none"
        size={12}
      />
    </div>
  </div>
  <div
    className="c1"
    color="white"
    onClick={[Function]}
    size={64}
    style={
      Object {
        "marginLeft": "8px",
      }
    }
  >
    <div
      className="c2"
    >
      <div
        className="sc-AxirZ c5"
        color="white"
        size={12}
      />
      <div
        className="sc-AxirZ c6"
        color="white"
        size={12}
      />
      <div
        className="sc-AxirZ c7"
        color="white"
        size={12}
      />
      <div
        className="sc-AxirZ c8"
        color="white"
        size={12}
      />
      <div
        className="sc-AxirZ c4"
        color="white"
        display="none"
        size={12}
      />
      <div
        className="sc-AxirZ c4"
        color="white"
        display="none"
        size={12}
      />
    </div>
  </div>
  <div
    className="c1"
    color="white"
    onClick={[Function]}
    size={64}
    style={
      Object {
        "marginLeft": "8px",
      }
    }
  >
    <div
      className="c2"
    >
      <div
        className="sc-AxirZ c5"
        color="white"
        size={12}
      />
      <div
        className="sc-AxirZ c6"
        color="white"
        size={12}
      />
      <div
        className="sc-AxirZ c7"
        color="white"
        size={12}
      />
      <div
        className="sc-AxirZ c8"
        color="white"
        size={12}
      />
      <div
        className="sc-AxirZ c3"
        color="white"
        size={12}
      />
      <div
        className="sc-AxirZ c3"
        color="white"
        size={12}
      />
    </div>
  </div>
  <div
    className="c1"
    color="white"
    onClick={[Function]}
    size={64}
    style={
      Object {
        "marginLeft": "8px",
      }
    }
  >
    <div
      className="c2"
    >
      <div
        className="sc-AxirZ c5"
        color="white"
        size={12}
      />
      <div
        className="sc-AxirZ c6"
        color="white"
        size={12}
      />
      <div
        className="sc-AxirZ c7"
        color="white"
        size={12}
      />
      <div
        className="sc-AxirZ c8"
        color="white"
        size={12}
      />
      <div
        className="sc-AxirZ c9"
        color="white"
        size={12}
      />
      <div
        className="sc-AxirZ c10"
        color="white"
        size={12}
      />
    </div>
  </div>
</div>
`;

exports[`Storyshots organisms/DiceBoard Initial 1`] = `
.c1 {
  height: 64px;
  width: 64px;
  border: 3px #FE46A5 solid;
  background: white;
}

.c4 {
  width: 12px;
  height: 12px;
  border-radius: 100%;
  background: #FE46A5;
  position: absolute;
  left: 50%;
  top: 50%;
  -webkit-transform: translate(-50%,-50%);
  -ms-transform: translate(-50%,-50%);
  transform: translate(-50%,-50%);
}

.c5 {
  width: 12px;
  height: 12px;
  border-radius: 100%;
  background: #FE46A5;
  position: absolute;
  left: 50%;
  top: 50%;
  -webkit-transform: translate(-50%,-50%);
  -ms-transform: translate(-50%,-50%);
  transform: translate(-50%,-50%);
  display: none;
}

.c3 {
  width: 100%;
  height: 100%;
  position: relative;
}

.c2 {
  margin: 8px;
}

.c0 {
  display: -webkit-box;
  display: -webkit-flex;
  display: -ms-flexbox;
  display: flex;
}

<div
  className="c0"
>
  <div
    className="c1 c2"
    color="#FE46A5"
    onClick={[Function]}
    size={64}
  >
    <div
      className="c3"
    >
      <div
        className="sc-AxirZ c4"
        color="#FE46A5"
        size={12}
      />
      <div
        className="sc-AxirZ c4"
        color="#FE46A5"
        size={12}
      />
      <div
        className="sc-AxirZ c5"
        color="#FE46A5"
        display="none"
        size={12}
      />
      <div
        className="sc-AxirZ c5"
        color="#FE46A5"
        display="none"
        size={12}
      />
      <div
        className="sc-AxirZ c5"
        color="#FE46A5"
        display="none"
        size={12}
      />
      <div
        className="sc-AxirZ c5"
        color="#FE46A5"
        display="none"
        size={12}
      />
    </div>
  </div>
  <div
    className="c1 c2"
    color="#FE46A5"
    onClick={[Function]}
    size={64}
  >
    <div
      className="c3"
    >
      <div
        className="sc-AxirZ c4"
        color="#FE46A5"
        size={12}
      />
      <div
        className="sc-AxirZ c4"
        color="#FE46A5"
        size={12}
      />
      <div
        className="sc-AxirZ c5"
        color="#FE46A5"
        display="none"
        size={12}
      />
      <div
        className="sc-AxirZ c5"
        color="#FE46A5"
        display="none"
        size={12}
      />
      <div
        className="sc-AxirZ c5"
        color="#FE46A5"
        display="none"
        size={12}
      />
      <div
        className="sc-AxirZ c5"
        color="#FE46A5"
        display="none"
        size={12}
      />
    </div>
  </div>
  <div
    className="c1 c2"
    color="#FE46A5"
    onClick={[Function]}
    size={64}
  >
    <div
      className="c3"
    >
      <div
        className="sc-AxirZ c4"
        color="#FE46A5"
        size={12}
      />
      <div
        className="sc-AxirZ c4"
        color="#FE46A5"
        size={12}
      />
      <div
        className="sc-AxirZ c5"
        color="#FE46A5"
        display="none"
        size={12}
      />
      <div
        className="sc-AxirZ c5"
        color="#FE46A5"
        display="none"
        size={12}
      />
      <div
        className="sc-AxirZ c5"
        color="#FE46A5"
        display="none"
        size={12}
      />
      <div
        className="sc-AxirZ c5"
        color="#FE46A5"
        display="none"
        size={12}
      />
    </div>
  </div>
  <div
    className="c1 c2"
    color="#FE46A5"
    onClick={[Function]}
    size={64}
  >
    <div
      className="c3"
    >
      <div
        className="sc-AxirZ c4"
        color="#FE46A5"
        size={12}
      />
      <div
        className="sc-AxirZ c4"
        color="#FE46A5"
        size={12}
      />
      <div
        className="sc-AxirZ c5"
        color="#FE46A5"
        display="none"
        size={12}
      />
      <div
        className="sc-AxirZ c5"
        color="#FE46A5"
        display="none"
        size={12}
      />
      <div
        className="sc-AxirZ c5"
        color="#FE46A5"
        display="none"
        size={12}
      />
      <div
        className="sc-AxirZ c5"
        color="#FE46A5"
        display="none"
        size={12}
      />
    </div>
  </div>
  <div
    className="c1 c2"
    color="#FE46A5"
    onClick={[Function]}
    size={64}
  >
    <div
      className="c3"
    >
      <div
        className="sc-AxirZ c4"
        color="#FE46A5"
        size={12}
      />
      <div
        className="sc-AxirZ c4"
        color="#FE46A5"
        size={12}
      />
      <div
        className="sc-AxirZ c5"
        color="#FE46A5"
        display="none"
        size={12}
      />
      <div
        className="sc-AxirZ c5"
        color="#FE46A5"
        display="none"
        size={12}
      />
      <div
        className="sc-AxirZ c5"
        color="#FE46A5"
        display="none"
        size={12}
      />
      <div
        className="sc-AxirZ c5"
        color="#FE46A5"
        display="none"
        size={12}
      />
    </div>
  </div>
  <div
    className="c1 c2"
    color="#FE46A5"
    onClick={[Function]}
    size={64}
  >
    <div
      className="c3"
    >
      <div
        className="sc-AxirZ c4"
        color="#FE46A5"
        size={12}
      />
      <div
        className="sc-AxirZ c4"
        color="#FE46A5"
        size={12}
      />
      <div
        className="sc-AxirZ c5"
        color="#FE46A5"
        display="none"
        size={12}
      />
      <div
        className="sc-AxirZ c5"
        color="#FE46A5"
        display="none"
        size={12}
      />
      <div
        className="sc-AxirZ c5"
        color="#FE46A5"
        display="none"
        size={12}
      />
      <div
        className="sc-AxirZ c5"
        color="#FE46A5"
        display="none"
        size={12}
      />
    </div>
  </div>
</div>
`;

exports[`Storyshots organisms/RollableDice Initial 1`] = `
.c0 {
  height: 64px;
  width: 64px;
  border: 3px #FE46A5 solid;
  background: white;
}

.c2 {
  width: 12px;
  height: 12px;
  border-radius: 100%;
  background: #FE46A5;
  position: absolute;
  left: 50%;
  top: 50%;
  -webkit-transform: translate(-50%,-50%);
  -ms-transform: translate(-50%,-50%);
  transform: translate(-50%,-50%);
}

.c3 {
  width: 12px;
  height: 12px;
  border-radius: 100%;
  background: #FE46A5;
  position: absolute;
  left: 50%;
  top: 50%;
  -webkit-transform: translate(-50%,-50%);
  -ms-transform: translate(-50%,-50%);
  transform: translate(-50%,-50%);
  display: none;
}

.c1 {
  width: 100%;
  height: 100%;
  position: relative;
}

<div
  className="c0"
  color="#FE46A5"
  onClick={[Function]}
  size={64}
>
  <div
    className="c1"
  >
    <div
      className="sc-AxirZ c2"
      color="#FE46A5"
      size={12}
    />
    <div
      className="sc-AxirZ c2"
      color="#FE46A5"
      size={12}
    />
    <div
      className="sc-AxirZ c3"
      color="#FE46A5"
      display="none"
      size={12}
    />
    <div
      className="sc-AxirZ c3"
      color="#FE46A5"
      display="none"
      size={12}
    />
    <div
      className="sc-AxirZ c3"
      color="#FE46A5"
      display="none"
      size={12}
    />
    <div
      className="sc-AxirZ c3"
      color="#FE46A5"
      display="none"
      size={12}
    />
  </div>
</div>
`;
